warning: redundant clone on Env object
  --> $DIR/redundant_env_clone.rs:49:19
   |
LL |     let _cloned = env.clone(); //~ WARNING redundant clone on Env object
   |                   ^^^^^^^^^^^
   |
   = help: pass Env by reference or value instead of cloning
   = note: `#[warn(redundant_env_clone)]` on by default

warning: redundant clone on Env object
  --> $DIR/redundant_env_clone.rs:54:15
   |
LL |     takes_env(env.clone()); //~ WARNING redundant clone on Env object
   |               ^^^^^^^^^^^
   |
   = help: pass Env by reference or value instead of cloning

warning: redundant clone on Env object
  --> $DIR/redundant_env_clone.rs:60:9
   |
LL |         env.clone() //~ WARNING redundant clone on Env object
   |         ^^^^^^^^^^^
   |
   = help: pass Env by reference or value instead of cloning

warning: redundant clone on Env object
  --> $DIR/redundant_env_clone.rs:66:15
   |
LL |     let env = env.clone(); //~ WARNING redundant clone on Env object
   |               ^^^^^^^^^^^
   |
   = help: pass Env by reference or value instead of cloning

warning: 4 warnings emitted

